Archive member included because of file (symbol)

E:/AIoT/Code/Rogger/DGC_A230_6_Rev_1_0_Software/lib/pfdl.a(pfdl.o)
                              ./src/r_cg_pfdl.o (PFDL_Open)
d:/e2_studio/renesas/gcc for renesas rl78 4.9.2.202201-gnurl78-elf/rl78-elf/rl78-elf/bin/../lib/gcc/rl78-elf/4.9.2.202201-GNURL78/../../../../rl78-elf/lib/g13\libc.a(lib_a-memcpy.o)
                              ./src/r_main.o (memcpy)
d:/e2_studio/renesas/gcc for renesas rl78 4.9.2.202201-gnurl78-elf/rl78-elf/rl78-elf/bin/../lib/gcc/rl78-elf/4.9.2.202201-GNURL78/g13\libgcc.a(ashrdi3.o)
                              ./KEELOQ/KeeLOQ.o (__ashrdi3)

Allocating common symbols
Common symbol       size              file

Auto_Close_Retry_Number
                    0x1               ./DGC_A230_Functions/DGC_A230_Normal_Mode.o
M2_Position_Count   0x2               ./src/r_cg_timer_user.o
g_uart1_rx_length   0x2               ./src/r_cg_serial.o
Tick_Count          0x2               ./src/r_cg_timer_user.o
g_uart1_rx_count    0x2               ./src/r_cg_serial.o
M1_Time_T1          0x2               ./DGC_A230_Functions/DGC_A230_Motor_Functions.o
M1_Tick_Count       0x2               ./src/r_cg_timer_user.o
CFG_Parameters_Value
                    0x80              ./DGC_A230_Functions/DGC_A230_Parameters_Functions.o
Command_Status_No2  0x1               ./HMI/4Digit_7Segment.o
M2_Tick_Count       0x2               ./src/r_cg_timer_user.o
gFdlDesc            0x2               ./src/r_cg_pfdl.o
Power_failure       0x1               ./src/r_main.o
CFG_parameter       0x72              ./DGC_A230_Functions/DGC_A230_Parameters_Functions.o
Last_Open_Command_State
                    0x1               ./DGC_A230_Functions/DGC_A230_Normal_Mode.o
gFdlStatus          0x1               ./src/r_cg_pfdl.o
Digit_Count         0x1               ./HMI/4Digit_7Segment.o
M2_Time_T4          0x2               ./DGC_A230_Functions/DGC_A230_Motor_Functions.o
Flash_Frequency_Config
                    0x1               ./DGC_A230_Functions/DGC_A230_Motor_Functions.o
Disable_Tick_Count  0x2               ./src/r_cg_timer_user.o
Last_Close_Command_State
                    0x1               ./DGC_A230_Functions/DGC_A230_Normal_Mode.o
Brake_Tick_Count    0x2               ./src/r_cg_timer_user.o
gFdlReq             0x8               ./src/r_cg_pfdl.o
gp_uart1_rx_address
                    0x2               ./src/r_cg_serial.o
gFdlResult          0x1               ./src/r_cg_pfdl.o
Flash_Frequency_Count
                    0x1               ./src/r_cg_timer_user.o
Courtesy_Light_Time
                    0x2               ./DGC_A230_Functions/DGC_A230_Normal_Mode.o
M2_Time_T3          0x2               ./DGC_A230_Functions/DGC_A230_Motor_Functions.o
M1_Time_T2          0x2               ./DGC_A230_Functions/DGC_A230_Motor_Functions.o
HMI_Flash_Count     0x1               ./src/r_cg_timer_user.o
Courtesy_Light_Count
                    0x2               ./DGC_A230_Functions/DGC_A230_Normal_Mode.o
M1_Time_T4          0x2               ./DGC_A230_Functions/DGC_A230_Motor_Functions.o
gp_uart1_tx_address
                    0x2               ./src/r_cg_serial.o
Pre_Flash_Type      0x1               ./DGC_A230_Functions/DGC_A230_Motor_Functions.o
M2_Time_T1          0x2               ./DGC_A230_Functions/DGC_A230_Motor_Functions.o
M1_Position_Count   0x2               ./src/r_cg_timer_user.o
M1_Time_T3          0x2               ./DGC_A230_Functions/DGC_A230_Motor_Functions.o
g_uart1_tx_count    0x2               ./src/r_cg_serial.o
Flash_Timer_Counter
                    0x1               ./DGC_A230_Functions/DGC_A230_Motor_Functions.o
Safety_Status_No1   0x1               ./HMI/4Digit_7Segment.o
Safety_Status_No2   0x1               ./HMI/4Digit_7Segment.o
M2_Time_T2          0x2               ./DGC_A230_Functions/DGC_A230_Motor_Functions.o
Key_Tick_Count      0x2               ./DGC_A230_Functions/DGC_A230_Parameters_Functions.o
Last_Clock_Command_State
                    0x1               ./DGC_A230_Functions/DGC_A230_Normal_Mode.o

Discarded input sections

 .text          0x0000000000000000        0x0 ./src/r_cg_cgc.o
 .data          0x0000000000000000        0x0 ./src/r_cg_cgc.o
 .bss           0x0000000000000000        0x0 ./src/r_cg_cgc.o
 .text          0x0000000000000000        0x0 ./src/r_cg_cgc_user.o
 .data          0x0000000000000000        0x0 ./src/r_cg_cgc_user.o
 .bss           0x0000000000000000        0x0 ./src/r_cg_cgc_user.o
 .text          0x0000000000000000        0x0 ./src/r_cg_intc.o
 .data          0x0000000000000000        0x0 ./src/r_cg_intc.o
 .bss           0x0000000000000000        0x0 ./src/r_cg_intc.o
 .text.R_INTC10_Start
                0x0000000000000000       0x2f ./src/r_cg_intc.o
 .text.R_INTC10_Stop
                0x0000000000000000       0x2f ./src/r_cg_intc.o
 .text          0x0000000000000000        0x0 ./src/r_cg_intc_user.o
 .data          0x0000000000000000        0x0 ./src/r_cg_intc_user.o
 .bss           0x0000000000000000        0x0 ./src/r_cg_intc_user.o
 .text          0x0000000000000000        0x0 ./src/r_cg_pfdl.o
 .data          0x0000000000000000        0x0 ./src/r_cg_pfdl.o
 .bss           0x0000000000000000        0x0 ./src/r_cg_pfdl.o
 .text          0x0000000000000000        0x0 ./src/r_cg_port.o
 .data          0x0000000000000000        0x0 ./src/r_cg_port.o
 .bss           0x0000000000000000        0x0 ./src/r_cg_port.o
 .text          0x0000000000000000        0x0 ./src/r_cg_port_user.o
 .data          0x0000000000000000        0x0 ./src/r_cg_port_user.o
 .bss           0x0000000000000000        0x0 ./src/r_cg_port_user.o
 .debug_info    0x0000000000000000       0x48 ./src/r_cg_port_user.o
 .debug_abbrev  0x0000000000000000       0x1b ./src/r_cg_port_user.o
 .debug_aranges
                0x0000000000000000       0x18 ./src/r_cg_port_user.o
 .debug_line    0x0000000000000000       0x1d ./src/r_cg_port_user.o
 .debug_str     0x0000000000000000      0x169 ./src/r_cg_port_user.o
 .comment       0x0000000000000000       0xa1 ./src/r_cg_port_user.o
 .text          0x0000000000000000        0x0 ./src/r_cg_serial.o
 .data          0x0000000000000000        0x0 ./src/r_cg_serial.o
 .bss           0x0000000000000000        0x0 ./src/r_cg_serial.o
 .text.R_UART1_Start
                0x0000000000000000       0xb4 ./src/r_cg_serial.o
 .text.R_UART1_Stop
                0x0000000000000000       0x97 ./src/r_cg_serial.o
 .text.R_UART1_Receive
                0x0000000000000000       0x32 ./src/r_cg_serial.o
 .text.R_UART1_Send
                0x0000000000000000       0x8d ./src/r_cg_serial.o
 .text          0x0000000000000000        0x0 ./src/r_cg_serial_user.o
 .data          0x0000000000000000        0x0 ./src/r_cg_serial_user.o
 .bss           0x0000000000000000        0x0 ./src/r_cg_serial_user.o
 .text          0x0000000000000000        0x0 ./src/r_cg_timer.o
 .data          0x0000000000000000        0x0 ./src/r_cg_timer.o
 .bss           0x0000000000000000        0x0 ./src/r_cg_timer.o
 .text.R_TAU0_Channel0_Stop
                0x0000000000000000       0x4c ./src/r_cg_timer.o
 .text.R_TAU0_Channel3_Start
                0x0000000000000000       0x4c ./src/r_cg_timer.o
 .text.R_TAU0_Channel3_Stop
                0x0000000000000000       0x4c ./src/r_cg_timer.o
 .text.R_TAU0_Channel7_Start
                0x0000000000000000       0x4c ./src/r_cg_timer.o
 .text.R_TAU0_Channel7_Stop
                0x0000000000000000       0x4c ./src/r_cg_timer.o
 .text          0x0000000000000000        0x0 ./src/r_cg_timer_user.o
 .data          0x0000000000000000        0x0 ./src/r_cg_timer_user.o
 .bss           0x0000000000000000        0x0 ./src/r_cg_timer_user.o
 .text          0x0000000000000000        0x0 ./src/r_cg_vector_table.o
 .data          0x0000000000000000        0x0 ./src/r_cg_vector_table.o
 .bss           0x0000000000000000        0x0 ./src/r_cg_vector_table.o
 .text          0x0000000000000000        0x0 ./src/r_hardware_setup.o
 .data          0x0000000000000000        0x0 ./src/r_hardware_setup.o
 .bss           0x0000000000000000        0x0 ./src/r_hardware_setup.o
 .text          0x0000000000000000        0x0 ./src/r_main.o
 .data          0x0000000000000000        0x0 ./src/r_main.o
 .bss           0x0000000000000000        0x0 ./src/r_main.o
 .data          0x0000000000000000        0x0 ./src/r_reset_program.o
 .bss           0x0000000000000000        0x0 ./src/r_reset_program.o
 .text          0x0000000000000000        0x0 ./KEELOQ/KeeLOQ.o
 .data          0x0000000000000000        0x0 ./KEELOQ/KeeLOQ.o
 .bss           0x0000000000000000        0x0 ./KEELOQ/KeeLOQ.o
 .text.nlf      0x0000000000000000       0x34 ./KEELOQ/KeeLOQ.o
 .text.keeloq_encrypt
                0x0000000000000000      0x28b ./KEELOQ/KeeLOQ.o
 .text.keeloq_decrypt
                0x0000000000000000      0x285 ./KEELOQ/KeeLOQ.o
 .debug_frame   0x0000000000000000       0x8c ./KEELOQ/KeeLOQ.o
 .debug_info    0x0000000000000000      0x1d5 ./KEELOQ/KeeLOQ.o
 .debug_abbrev  0x0000000000000000       0xca ./KEELOQ/KeeLOQ.o
 .debug_aranges
                0x0000000000000000       0x30 ./KEELOQ/KeeLOQ.o
 .debug_ranges  0x0000000000000000       0x20 ./KEELOQ/KeeLOQ.o
 .debug_line    0x0000000000000000      0x274 ./KEELOQ/KeeLOQ.o
 .debug_str     0x0000000000000000      0x21a ./KEELOQ/KeeLOQ.o
 .comment       0x0000000000000000       0xa1 ./KEELOQ/KeeLOQ.o
 .text          0x0000000000000000        0x0 ./HMI/4Digit_7Segment.o
 .data          0x0000000000000000        0x0 ./HMI/4Digit_7Segment.o
 .bss           0x0000000000000000        0x0 ./HMI/4Digit_7Segment.o
 .data.Parameters_Display_Data
                0x0000000000000000        0x4 ./HMI/4Digit_7Segment.o
 .text.convert_number_to_seven_segment
                0x0000000000000000       0x56 ./HMI/4Digit_7Segment.o
 .text          0x0000000000000000        0x0 ./DGC_A230_Functions/DGC_A230_Motor_Functions.o
 .data          0x0000000000000000        0x0 ./DGC_A230_Functions/DGC_A230_Motor_Functions.o
 .bss           0x0000000000000000        0x0 ./DGC_A230_Functions/DGC_A230_Motor_Functions.o
 .bss.Last_Moving_Direction
                0x0000000000000000        0x1 ./DGC_A230_Functions/DGC_A230_Motor_Functions.o
 .text.Manual_Power_Failure_Recovery_Process
                0x0000000000000000      0x26c ./DGC_A230_Functions/DGC_A230_Motor_Functions.o
 .text          0x0000000000000000        0x0 ./DGC_A230_Functions/DGC_A230_Normal_Mode.o
 .data          0x0000000000000000        0x0 ./DGC_A230_Functions/DGC_A230_Normal_Mode.o
 .bss           0x0000000000000000        0x0 ./DGC_A230_Functions/DGC_A230_Normal_Mode.o
 .text          0x0000000000000000        0x0 ./DGC_A230_Functions/DGC_A230_Parameters_Functions.o
 .data          0x0000000000000000        0x0 ./DGC_A230_Functions/DGC_A230_Parameters_Functions.o
 .bss           0x0000000000000000        0x0 ./DGC_A230_Functions/DGC_A230_Parameters_Functions.o
 .text          0x0000000000000000        0x0 ./DGC_A230_Functions/DGC_A230_Program_Mode.o
 .data          0x0000000000000000        0x0 ./DGC_A230_Functions/DGC_A230_Program_Mode.o
 .bss           0x0000000000000000        0x0 ./DGC_A230_Functions/DGC_A230_Program_Mode.o
 .data.Torque_Dec
                0x0000000000000000        0x2 ./DGC_A230_Functions/DGC_A230_Program_Mode.o
 .text          0x0000000000000000        0x0 ./DGC_A230_Functions/DGC_A230_Test_Mode.o
 .data          0x0000000000000000        0x0 ./DGC_A230_Functions/DGC_A230_Test_Mode.o
 .bss           0x0000000000000000        0x0 ./DGC_A230_Functions/DGC_A230_Test_Mode.o
 .text          0x0000000000000000        0x0 ./Common/Common.o
 .data          0x0000000000000000        0x0 ./Common/Common.o
 .bss           0x0000000000000000        0x0 ./Common/Common.o
 .text.delay_us
                0x0000000000000000       0x2c ./Common/Common.o
 .text          0x0000000000000000        0x0 E:/AIoT/Code/Rogger/DGC_A230_6_Rev_1_0_Software/lib/pfdl.a(pfdl.o)
 .data          0x0000000000000000        0x0 E:/AIoT/Code/Rogger/DGC_A230_6_Rev_1_0_Software/lib/pfdl.a(pfdl.o)
 .bss           0x0000000000000000        0x0 E:/AIoT/Code/Rogger/DGC_A230_6_Rev_1_0_Software/lib/pfdl.a(pfdl.o)
 .data          0x0000000000000000        0x0 d:/e2_studio/renesas/gcc for renesas rl78 4.9.2.202201-gnurl78-elf/rl78-elf/rl78-elf/bin/../lib/gcc/rl78-elf/4.9.2.202201-GNURL78/../../../../rl78-elf/lib/g13\libc.a(lib_a-memcpy.o)
 .bss           0x0000000000000000        0x0 d:/e2_studio/renesas/gcc for renesas rl78 4.9.2.202201-gnurl78-elf/rl78-elf/rl78-elf/bin/../lib/gcc/rl78-elf/4.9.2.202201-GNURL78/../../../../rl78-elf/lib/g13\libc.a(lib_a-memcpy.o)
 .text          0x0000000000000000        0x0 d:/e2_studio/renesas/gcc for renesas rl78 4.9.2.202201-gnurl78-elf/rl78-elf/rl78-elf/bin/../lib/gcc/rl78-elf/4.9.2.202201-GNURL78/g13\libgcc.a(ashrdi3.o)
 .data          0x0000000000000000        0x0 d:/e2_studio/renesas/gcc for renesas rl78 4.9.2.202201-gnurl78-elf/rl78-elf/rl78-elf/bin/../lib/gcc/rl78-elf/4.9.2.202201-GNURL78/g13\libgcc.a(ashrdi3.o)
 .bss           0x0000000000000000        0x0 d:/e2_studio/renesas/gcc for renesas rl78 4.9.2.202201-gnurl78-elf/rl78-elf/rl78-elf/bin/../lib/gcc/rl78-elf/4.9.2.202201-GNURL78/g13\libgcc.a(ashrdi3.o)
 .text.___ashrdi3
                0x0000000000000000       0x3f d:/e2_studio/renesas/gcc for renesas rl78 4.9.2.202201-gnurl78-elf/rl78-elf/rl78-elf/bin/../lib/gcc/rl78-elf/4.9.2.202201-GNURL78/g13\libgcc.a(ashrdi3.o)

Memory Configuration

Name             Origin             Length             Attributes
VEC              0x0000000000000000 0x0000000000000004
IVEC             0x0000000000000004 0x00000000000000bc
OPT              0x00000000000000c0 0x0000000000000004
SEC_ID           0x00000000000000c4 0x000000000000000a
OCDSTAD          0x00000000000000ce 0x000000000000000a
OCDROM           0x0000000000017e00 0x0000000000000200
ROM              0x00000000000000d8 0x0000000000017d28
MIRROR           0x00000000000f3000 0x000000000000af00
RAM              0x00000000000fdf00 0x0000000000002000
*default*        0x0000000000000000 0xffffffffffffffff

Linker script and memory map

LOAD ./src/r_cg_cgc.o
LOAD ./src/r_cg_cgc_user.o
LOAD ./src/r_cg_intc.o
LOAD ./src/r_cg_intc_user.o
LOAD ./src/r_cg_pfdl.o
LOAD ./src/r_cg_port.o
LOAD ./src/r_cg_port_user.o
LOAD ./src/r_cg_serial.o
LOAD ./src/r_cg_serial_user.o
LOAD ./src/r_cg_timer.o
LOAD ./src/r_cg_timer_user.o
LOAD ./src/r_cg_vector_table.o
LOAD ./src/r_hardware_setup.o
LOAD ./src/r_main.o
LOAD ./src/r_reset_program.o
LOAD ./KEELOQ/KeeLOQ.o
LOAD ./HMI/4Digit_7Segment.o
LOAD ./DGC_A230_Functions/DGC_A230_Motor_Functions.o
LOAD ./DGC_A230_Functions/DGC_A230_Normal_Mode.o
LOAD ./DGC_A230_Functions/DGC_A230_Parameters_Functions.o
LOAD ./DGC_A230_Functions/DGC_A230_Program_Mode.o
LOAD ./DGC_A230_Functions/DGC_A230_Test_Mode.o
LOAD ./Common/Common.o
LOAD E:/AIoT/Code/Rogger/DGC_A230_6_Rev_1_0_Software/lib/pfdl.a
START GROUP
LOAD d:/e2_studio/renesas/gcc for renesas rl78 4.9.2.202201-gnurl78-elf/rl78-elf/rl78-elf/bin/../lib/gcc/rl78-elf/4.9.2.202201-GNURL78/../../../../rl78-elf/lib/g13\libm.a
LOAD d:/e2_studio/renesas/gcc for renesas rl78 4.9.2.202201-gnurl78-elf/rl78-elf/rl78-elf/bin/../lib/gcc/rl78-elf/4.9.2.202201-GNURL78/../../../../rl78-elf/lib/g13\libc.a
LOAD d:/e2_studio/renesas/gcc for renesas rl78 4.9.2.202201-gnurl78-elf/rl78-elf/rl78-elf/bin/../lib/gcc/rl78-elf/4.9.2.202201-GNURL78/g13\libgcc.a
END GROUP
LOAD d:/e2_studio/renesas/gcc for renesas rl78 4.9.2.202201-gnurl78-elf/rl78-elf/rl78-elf/bin/../lib/gcc/rl78-elf/4.9.2.202201-GNURL78/g13\libgcc.a
START GROUP
LOAD d:/e2_studio/renesas/gcc for renesas rl78 4.9.2.202201-gnurl78-elf/rl78-elf/rl78-elf/bin/../lib/gcc/rl78-elf/4.9.2.202201-GNURL78/../../../../rl78-elf/lib/g13\libc.a
LOAD d:/e2_studio/renesas/gcc for renesas rl78 4.9.2.202201-gnurl78-elf/rl78-elf/rl78-elf/bin/../lib/gcc/rl78-elf/4.9.2.202201-GNURL78/../../../../rl78-elf/lib/g13\libsim.a
END GROUP
LOAD d:/e2_studio/renesas/gcc for renesas rl78 4.9.2.202201-gnurl78-elf/rl78-elf/rl78-elf/bin/../lib/gcc/rl78-elf/4.9.2.202201-GNURL78/g13\libgcc.a

.vec            0x0000000000000000        0x4
 *(.vec)
 .vec           0x0000000000000000        0x4 ./src/r_cg_vector_table.o
                0x0000000000000000                HardwareVectors

.vects          0x0000000000000004       0x7c
 *(.vects)
 .vects         0x0000000000000004       0x7c ./src/r_cg_vector_table.o
                0x0000000000000004                Vectors

.option_bytes   0x00000000000000c0        0x4
 *(.option_bytes)
 .option_bytes  0x00000000000000c0        0x4 ./src/r_cg_vector_table.o
                0x00000000000000c0                Option_Bytes

.security_id    0x00000000000000c4        0xa
 *(.security_id)
 .security_id   0x00000000000000c4        0xa ./src/r_cg_vector_table.o
                0x00000000000000c4                Security_Id

.lowtext        0x00000000000000d8        0x0
 *(.plt)
 .plt           0x00000000000000d8        0x0 ./src/r_cg_intc_user.o
 *(.lowtext)
                0x00000000000000d8                . = ALIGN (0x2)

.tors           0x00000000000000d8        0x0
                0x00000000000000d8                __CTOR_LIST__ = .
                0x00000000000000d8                . = ALIGN (0x2)
                0x00000000000000d8                ___ctors = .
 *(.ctors)
                0x00000000000000d8                ___ctors_end = .
                0x00000000000000d8                __CTOR_END__ = .
                0x00000000000000d8                __DTOR_LIST__ = .
                0x00000000000000d8                ___dtors = .
 *(.dtors)
                0x00000000000000d8                ___dtors_end = .
                0x00000000000000d8                __DTOR_END__ = .
                0x00000000000000d8                . = ALIGN (0x2)
                0x00000000000000d8                _mdata = .

.text           0x00000000000000e6     0x9220
 *(.text)
 .text          0x00000000000000e6       0x62 ./src/r_reset_program.o
                0x00000000000000e8                _rl78_fini
                0x00000000000000ea                PowerON_Reset
 .text          0x0000000000000148       0x1c d:/e2_studio/renesas/gcc for renesas rl78 4.9.2.202201-gnurl78-elf/rl78-elf/rl78-elf/bin/../lib/gcc/rl78-elf/4.9.2.202201-GNURL78/../../../../rl78-elf/lib/g13\libc.a(lib_a-memcpy.o)
                0x0000000000000148                memcpy
 *(.text.*)
 .text.R_CGC_Create
                0x0000000000000164       0x8d ./src/r_cg_cgc.o
                0x0000000000000164                R_CGC_Create
 .text.R_CGC_Get_ResetSource
                0x00000000000001f1       0x14 ./src/r_cg_cgc_user.o
                0x00000000000001f1                R_CGC_Get_ResetSource
 .text.R_INTC_Create
                0x0000000000000205      0x2c7 ./src/r_cg_intc.o
                0x0000000000000205                R_INTC_Create
 .text.R_INTC0_Start
                0x00000000000004cc       0x2f ./src/r_cg_intc.o
                0x00000000000004cc                R_INTC0_Start
 .text.R_INTC0_Stop
                0x00000000000004fb       0x2f ./src/r_cg_intc.o
                0x00000000000004fb                R_INTC0_Stop
 .text.r_intc0_interrupt
                0x000000000000052a      0x11e ./src/r_cg_intc_user.o
                0x000000000000052a                r_intc0_interrupt
 .text.r_intc10_interrupt
                0x0000000000000648       0x12 ./src/r_cg_intc_user.o
                0x0000000000000648                r_intc10_interrupt
 .text.R_FDL_Create
                0x000000000000065a        0x9 ./src/r_cg_pfdl.o
                0x000000000000065a                R_FDL_Create
 .text.R_FDL_Write
                0x0000000000000663       0x66 ./src/r_cg_pfdl.o
                0x0000000000000663                R_FDL_Write
 .text.R_FDL_Read
                0x00000000000006c9       0x47 ./src/r_cg_pfdl.o
                0x00000000000006c9                R_FDL_Read
 .text.R_FDL_Erase
                0x0000000000000710       0x58 ./src/r_cg_pfdl.o
                0x0000000000000710                R_FDL_Erase
 .text.R_FDL_Open
                0x0000000000000768       0x19 ./src/r_cg_pfdl.o
                0x0000000000000768                R_FDL_Open
 .text.R_FDL_Close
                0x0000000000000781        0x8 ./src/r_cg_pfdl.o
                0x0000000000000781                R_FDL_Close
 .text.R_FDL_BlankCheck
                0x0000000000000789       0x5f ./src/r_cg_pfdl.o
                0x0000000000000789                R_FDL_BlankCheck
 .text.R_FDL_IVerify
                0x00000000000007e8       0x5f ./src/r_cg_pfdl.o
                0x00000000000007e8                R_FDL_IVerify
 .text.R_PORT_Create
                0x0000000000000847       0xf1 ./src/r_cg_port.o
                0x0000000000000847                R_PORT_Create
 .text.R_SAU0_Create
                0x0000000000000938       0x2e ./src/r_cg_serial.o
                0x0000000000000938                R_SAU0_Create
 .text.R_UART1_Create
                0x0000000000000966      0x268 ./src/r_cg_serial.o
                0x0000000000000966                R_UART1_Create
 .text.r_uart1_interrupt_receive
                0x0000000000000bce       0xda ./src/r_cg_serial_user.o
                0x0000000000000bce                r_uart1_interrupt_receive
 .text.r_uart1_interrupt_send
                0x0000000000000ca8       0x69 ./src/r_cg_serial_user.o
                0x0000000000000ca8                r_uart1_interrupt_send
 .text.r_uart1_callback_receiveend
                0x0000000000000d11        0x1 ./src/r_cg_serial_user.o
 .text.r_uart1_callback_softwareoverrun
                0x0000000000000d12        0x1 ./src/r_cg_serial_user.o
 .text.r_uart1_callback_sendend
                0x0000000000000d13        0x1 ./src/r_cg_serial_user.o
 .text.r_uart1_callback_error
                0x0000000000000d14        0x1 ./src/r_cg_serial_user.o
 .text.R_TAU0_Create
                0x0000000000000d15      0x6ec ./src/r_cg_timer.o
                0x0000000000000d15                R_TAU0_Create
 .text.R_TAU0_Channel0_Start
                0x0000000000001401       0x4c ./src/r_cg_timer.o
                0x0000000000001401                R_TAU0_Channel0_Start
 .text.R_TAU0_Channel1_Start
                0x000000000000144d       0x4c ./src/r_cg_timer.o
                0x000000000000144d                R_TAU0_Channel1_Start
 .text.R_TAU0_Channel1_Stop
                0x0000000000001499       0x4c ./src/r_cg_timer.o
                0x0000000000001499                R_TAU0_Channel1_Stop
 .text.R_TAU0_Channel2_Start
                0x00000000000014e5       0x4c ./src/r_cg_timer.o
                0x00000000000014e5                R_TAU0_Channel2_Start
 .text.R_TAU0_Channel2_Stop
                0x0000000000001531       0x4c ./src/r_cg_timer.o
                0x0000000000001531                R_TAU0_Channel2_Stop
 .text.R_TAU0_Channel4_Start
                0x000000000000157d       0x4c ./src/r_cg_timer.o
                0x000000000000157d                R_TAU0_Channel4_Start
 .text.R_TAU0_Channel4_Stop
                0x00000000000015c9       0x4c ./src/r_cg_timer.o
                0x00000000000015c9                R_TAU0_Channel4_Stop
 .text.R_TAU0_Channel6_Start
                0x0000000000001615       0x4c ./src/r_cg_timer.o
                0x0000000000001615                R_TAU0_Channel6_Start
 .text.R_TAU0_Channel6_Stop
                0x0000000000001661       0x4c ./src/r_cg_timer.o
                0x0000000000001661                R_TAU0_Channel6_Stop
 .text.r_tau0_channel0_interrupt
                0x00000000000016ad       0x8d ./src/r_cg_timer_user.o
                0x00000000000016ad                r_tau0_channel0_interrupt
 .text.r_tau0_channel1_interrupt
                0x000000000000173a      0x199 ./src/r_cg_timer_user.o
                0x000000000000173a                r_tau0_channel1_interrupt
 .text.r_tau0_channel2_interrupt
                0x00000000000018d3       0x3d ./src/r_cg_timer_user.o
                0x00000000000018d3                r_tau0_channel2_interrupt
 .text.r_tau0_channel3_interrupt
                0x0000000000001910       0x12 ./src/r_cg_timer_user.o
                0x0000000000001910                r_tau0_channel3_interrupt
 .text.r_tau0_channel4_interrupt
                0x0000000000001922      0x36c ./src/r_cg_timer_user.o
                0x0000000000001922                r_tau0_channel4_interrupt
 .text.r_tau0_channel6_interrupt
                0x0000000000001c8e       0x3d ./src/r_cg_timer_user.o
                0x0000000000001c8e                r_tau0_channel6_interrupt
 .text.r_tau0_channel7_interrupt
                0x0000000000001ccb       0x12 ./src/r_cg_timer_user.o
                0x0000000000001ccb                r_tau0_channel7_interrupt
 .text.R_Dummy  0x0000000000001cdd       0x12 ./src/r_cg_vector_table.o
                0x0000000000001cdd                R_Dummy
 .text.R_Systeminit
                0x0000000000001cef       0x9f ./src/r_hardware_setup.o
                0x0000000000001cef                R_Systeminit
 .text.HardwareSetup
                0x0000000000001d8e       0x11 ./src/r_hardware_setup.o
                0x0000000000001d8e                HardwareSetup
 .text.main     0x0000000000001d9f       0xc5 ./src/r_main.o
                0x0000000000001d9f                main
 .text.R_MAIN_UserInit
                0x0000000000001e64        0x4 ./src/r_main.o
                0x0000000000001e64                R_MAIN_UserInit
 .text.convert_ascii_to_seven_segment
                0x0000000000001e68      0x249 ./HMI/4Digit_7Segment.o
                0x0000000000001e68                convert_ascii_to_seven_segment
 .text.Output_Anode_Seven_Segment
                0x00000000000020b1      0x1d8 ./HMI/4Digit_7Segment.o
                0x00000000000020b1                Output_Anode_Seven_Segment
 .text.Display_Parameter_Callback
                0x0000000000002289      0x192 ./HMI/4Digit_7Segment.o
                0x0000000000002289                Display_Parameter_Callback
 .text.Display_Status_Callback
                0x000000000000241b      0x13e ./HMI/4Digit_7Segment.o
                0x000000000000241b                Display_Status_Callback
 .text.Motor1_Disable
                0x0000000000002559       0x2f ./DGC_A230_Functions/DGC_A230_Motor_Functions.o
                0x0000000000002559                Motor1_Disable
 .text.Motor1_Open_Enable
                0x0000000000002588       0x18 ./DGC_A230_Functions/DGC_A230_Motor_Functions.o
                0x0000000000002588                Motor1_Open_Enable
 .text.Motor1_Close_Enable
                0x00000000000025a0       0x18 ./DGC_A230_Functions/DGC_A230_Motor_Functions.o
                0x00000000000025a0                Motor1_Close_Enable
 .text.Motor2_Disable
                0x00000000000025b8       0x2f ./DGC_A230_Functions/DGC_A230_Motor_Functions.o
                0x00000000000025b8                Motor2_Disable
 .text.Motor2_Open_Enable
                0x00000000000025e7       0x18 ./DGC_A230_Functions/DGC_A230_Motor_Functions.o
                0x00000000000025e7                Motor2_Open_Enable
 .text.Motor2_Close_Enable
                0x00000000000025ff       0x18 ./DGC_A230_Functions/DGC_A230_Motor_Functions.o
                0x00000000000025ff                Motor2_Close_Enable
 .text.Calculate_Torque_Parameter
                0x0000000000002617       0xdd ./DGC_A230_Functions/DGC_A230_Motor_Functions.o
                0x0000000000002617                Calculate_Torque_Parameter
 .text.Setting_Courtesy_Light_and_Flash_Light
                0x00000000000026f4      0x190 ./DGC_A230_Functions/DGC_A230_Motor_Functions.o
                0x00000000000026f4                Setting_Courtesy_Light_and_Flash_Light
 .text.Prepare_To_Moving
                0x0000000000002884      0x291 ./DGC_A230_Functions/DGC_A230_Motor_Functions.o
                0x0000000000002884                Prepare_To_Moving
 .text.Prepare_To_Partial_Moving
                0x0000000000002b15      0x2c3 ./DGC_A230_Functions/DGC_A230_Motor_Functions.o
                0x0000000000002b15                Prepare_To_Partial_Moving
 .text.Auto_Power_Failure_Recovery_Process
                0x0000000000002dd8      0x294 ./DGC_A230_Functions/DGC_A230_Motor_Functions.o
                0x0000000000002dd8                Auto_Power_Failure_Recovery_Process
 .text.Manual_Power_Failure_Recovery_Process_Test
                0x000000000000306c      0x210 ./DGC_A230_Functions/DGC_A230_Motor_Functions.o
                0x000000000000306c                Manual_Power_Failure_Recovery_Process_Test
 .text.Start_Recovery_Motor_1
                0x000000000000327c       0x49 ./DGC_A230_Functions/DGC_A230_Motor_Functions.o
                0x000000000000327c                Start_Recovery_Motor_1
 .text.Start_Recovery_Motor_2
                0x00000000000032c5       0x9c ./DGC_A230_Functions/DGC_A230_Motor_Functions.o
                0x00000000000032c5                Start_Recovery_Motor_2
 .text.Timing_Motor_Machine_State
                0x0000000000003361      0x260 ./DGC_A230_Functions/DGC_A230_Motor_Functions.o
                0x0000000000003361                Timing_Motor_Machine_State
 .text.__Do_Moving_Gate_After_COS_Action
                0x00000000000035c1      0x26c ./DGC_A230_Functions/DGC_A230_Motor_Functions.o
                0x00000000000035c1                __Do_Moving_Gate_After_COS_Action
 .text.__Do_Open_Gate
                0x000000000000382d       0x59 ./DGC_A230_Functions/DGC_A230_Motor_Functions.o
                0x000000000000382d                __Do_Open_Gate
 .text.__Do_Close_Gate
                0x0000000000003886       0x84 ./DGC_A230_Functions/DGC_A230_Motor_Functions.o
                0x0000000000003886                __Do_Close_Gate
 .text.__Do_Stop_Gate
                0x000000000000390a      0x16d ./DGC_A230_Functions/DGC_A230_Motor_Functions.o
                0x000000000000390a                __Do_Stop_Gate
 .text.__Do_Brake_Motor_Type_1
                0x0000000000003a77       0x53 ./DGC_A230_Functions/DGC_A230_Motor_Functions.o
                0x0000000000003a77                __Do_Brake_Motor_Type_1
 .text.__Do_Brake_Motor_Type_2
                0x0000000000003aca       0x6c ./DGC_A230_Functions/DGC_A230_Motor_Functions.o
                0x0000000000003aca                __Do_Brake_Motor_Type_2
 .text.__Do_Brake_Motor_Type_3
                0x0000000000003b36       0x53 ./DGC_A230_Functions/DGC_A230_Motor_Functions.o
                0x0000000000003b36                __Do_Brake_Motor_Type_3
 .text.__Do_Partial_Open_Gate
                0x0000000000003b89       0x45 ./DGC_A230_Functions/DGC_A230_Motor_Functions.o
                0x0000000000003b89                __Do_Partial_Open_Gate
 .text.__Do_Partial_Close_Gate
                0x0000000000003bce       0x45 ./DGC_A230_Functions/DGC_A230_Motor_Functions.o
                0x0000000000003bce                __Do_Partial_Close_Gate
 .text.__Do_Partial_Stop_Gate
                0x0000000000003c13       0xff ./DGC_A230_Functions/DGC_A230_Motor_Functions.o
                0x0000000000003c13                __Do_Partial_Stop_Gate
 .text.Check_Safety_Device_Status
                0x0000000000003d12      0x375 ./DGC_A230_Functions/DGC_A230_Normal_Mode.o
                0x0000000000003d12                Check_Safety_Device_Status
 .text.Courtesy_Light_After_Maneuver_Is_Complete
                0x0000000000004087       0x97 ./DGC_A230_Functions/DGC_A230_Normal_Mode.o
                0x0000000000004087                Courtesy_Light_After_Maneuver_Is_Complete
 .text.TestPB_Pressed_Process
                0x000000000000411e       0xa7 ./DGC_A230_Functions/DGC_A230_Normal_Mode.o
                0x000000000000411e                TestPB_Pressed_Process
 .text.Partial_Command_Process
                0x00000000000041c5      0x1f9 ./DGC_A230_Functions/DGC_A230_Normal_Mode.o
                0x00000000000041c5                Partial_Command_Process
 .text.Step_Command_Process_Mode_0
                0x00000000000043be      0x166 ./DGC_A230_Functions/DGC_A230_Normal_Mode.o
                0x00000000000043be                Step_Command_Process_Mode_0
 .text.Step_Command_Process_Mode_1
                0x0000000000004524      0x1ea ./DGC_A230_Functions/DGC_A230_Normal_Mode.o
                0x0000000000004524                Step_Command_Process_Mode_1
 .text.Step_Command_Process_Mode_2
                0x000000000000470e      0x1ee ./DGC_A230_Functions/DGC_A230_Normal_Mode.o
                0x000000000000470e                Step_Command_Process_Mode_2
 .text.Step_Command_Process_Mode_3
                0x00000000000048fc      0x208 ./DGC_A230_Functions/DGC_A230_Normal_Mode.o
                0x00000000000048fc                Step_Command_Process_Mode_3
 .text.Step_Command_Process_Mode_4
                0x0000000000004b04      0x1b7 ./DGC_A230_Functions/DGC_A230_Normal_Mode.o
                0x0000000000004b04                Step_Command_Process_Mode_4
 .text.Step_Command_Process
                0x0000000000004cbb       0x81 ./DGC_A230_Functions/DGC_A230_Normal_Mode.o
                0x0000000000004cbb                Step_Command_Process
 .text.Open_Command_Process
                0x0000000000004d3c      0x37c ./DGC_A230_Functions/DGC_A230_Normal_Mode.o
                0x0000000000004d3c                Open_Command_Process
 .text.Close_Command_Process
                0x00000000000050b8      0x2cc ./DGC_A230_Functions/DGC_A230_Normal_Mode.o
                0x00000000000050b8                Close_Command_Process
 .text.Auto_Close_Gate_Command_Process
                0x0000000000005384       0x8d ./DGC_A230_Functions/DGC_A230_Normal_Mode.o
                0x0000000000005384                Auto_Close_Gate_Command_Process
 .text.Ext_Clock_Open_Command_Process
                0x0000000000005411      0x15c ./DGC_A230_Functions/DGC_A230_Normal_Mode.o
                0x0000000000005411                Ext_Clock_Open_Command_Process
 .text.Ext_Clock_Close_Command_Process
                0x000000000000556d       0xcf ./DGC_A230_Functions/DGC_A230_Normal_Mode.o
                0x000000000000556d                Ext_Clock_Close_Command_Process
 .text.Photocell_FT1_Process
                0x000000000000563c      0x3b8 ./DGC_A230_Functions/DGC_A230_Normal_Mode.o
                0x000000000000563c                Photocell_FT1_Process
 .text.Photocell_FT2_Process
                0x00000000000059f4      0x3a9 ./DGC_A230_Functions/DGC_A230_Normal_Mode.o
                0x00000000000059f4                Photocell_FT2_Process
 .text.Sensing_Edge_COS1_Process
                0x0000000000005d9d      0x18f ./DGC_A230_Functions/DGC_A230_Normal_Mode.o
                0x0000000000005d9d                Sensing_Edge_COS1_Process
 .text.Sensing_Edge_COS2_Process
                0x0000000000005f2c      0x173 ./DGC_A230_Functions/DGC_A230_Normal_Mode.o
                0x0000000000005f2c                Sensing_Edge_COS2_Process
 .text.Emergency_Stop_Process
                0x000000000000609f      0x145 ./DGC_A230_Functions/DGC_A230_Normal_Mode.o
                0x000000000000609f                Emergency_Stop_Process
 .text.Open_Limit_Switch_No1_Process
                0x00000000000061e4       0xa5 ./DGC_A230_Functions/DGC_A230_Normal_Mode.o
                0x00000000000061e4                Open_Limit_Switch_No1_Process
 .text.Open_Limit_Switch_No2_Process
                0x0000000000006289       0x41 ./DGC_A230_Functions/DGC_A230_Normal_Mode.o
                0x0000000000006289                Open_Limit_Switch_No2_Process
 .text.Close_Limit_Switch_No1_Process
                0x00000000000062ca       0x98 ./DGC_A230_Functions/DGC_A230_Normal_Mode.o
                0x00000000000062ca                Close_Limit_Switch_No1_Process
 .text.Close_Limit_Switch_No2_Process
                0x0000000000006362       0x4e ./DGC_A230_Functions/DGC_A230_Normal_Mode.o
                0x0000000000006362                Close_Limit_Switch_No2_Process
 .text.Gate_Open_Indicator_Process
                0x00000000000063b0      0x1f7 ./DGC_A230_Functions/DGC_A230_Normal_Mode.o
                0x00000000000063b0                Gate_Open_Indicator_Process
 .text.Normal_Mode
                0x00000000000065a7      0x733 ./DGC_A230_Functions/DGC_A230_Normal_Mode.o
                0x00000000000065a7                Normal_Mode
 .text.Factory_Default_Setting
                0x0000000000006cda      0x225 ./DGC_A230_Functions/DGC_A230_Parameters_Functions.o
                0x0000000000006cda                Factory_Default_Setting
 .text.Write_Config_Parameters
                0x0000000000006eff       0xf1 ./DGC_A230_Functions/DGC_A230_Parameters_Functions.o
                0x0000000000006eff                Write_Config_Parameters
 .text.Reset_Factory_Default_Parameters
                0x0000000000006ff0       0xca ./DGC_A230_Functions/DGC_A230_Parameters_Functions.o
                0x0000000000006ff0                Reset_Factory_Default_Parameters
 .text.Read_Parameters_From_Flash_Memory
                0x00000000000070ba       0x33 ./DGC_A230_Functions/DGC_A230_Parameters_Functions.o
                0x00000000000070ba                Read_Parameters_From_Flash_Memory
 .text.Write_Parameters_To_Flash_Memory
                0x00000000000070ed       0x2a ./DGC_A230_Functions/DGC_A230_Parameters_Functions.o
                0x00000000000070ed                Write_Parameters_To_Flash_Memory
 .text.Calculate_CFG_Parameters
                0x0000000000007117      0xa8d ./DGC_A230_Functions/DGC_A230_Parameters_Functions.o
                0x0000000000007117                Calculate_CFG_Parameters
 .text.Parameters_Edit_Process
                0x0000000000007ba4      0x66d ./DGC_A230_Functions/DGC_A230_Parameters_Functions.o
                0x0000000000007ba4                Parameters_Edit_Process
 .text.Travel_Acquisition_Procedure_With_Encoder
                0x0000000000008211       0x73 ./DGC_A230_Functions/DGC_A230_Program_Mode.o
                0x0000000000008211                Travel_Acquisition_Procedure_With_Encoder
 .text.Travel_Acquisition_Procedure_Without_Eencoder
                0x0000000000008284      0x719 ./DGC_A230_Functions/DGC_A230_Program_Mode.o
                0x0000000000008284                Travel_Acquisition_Procedure_Without_Eencoder
 .text.Program_Command_Process
                0x000000000000899d      0x160 ./DGC_A230_Functions/DGC_A230_Program_Mode.o
                0x000000000000899d                Program_Command_Process
 .text.Check_Safety_and_Limit_Switch
                0x0000000000008afd      0x2db ./DGC_A230_Functions/DGC_A230_Test_Mode.o
                0x0000000000008afd                Check_Safety_and_Limit_Switch
 .text.Test_Command_Process
                0x0000000000008dd8      0x342 ./DGC_A230_Functions/DGC_A230_Test_Mode.o
                0x0000000000008dd8                Test_Command_Process
 .text.delay_ms
                0x000000000000911a       0x33 ./Common/Common.o
                0x000000000000911a                delay_ms
 .text.convert_binary_to_ascii
                0x000000000000914d       0x75 ./Common/Common.o
                0x000000000000914d                convert_binary_to_ascii
 .text.convert_ascii_to_binary
                0x00000000000091c2       0xc5 ./Common/Common.o
                0x00000000000091c2                convert_ascii_to_binary
 .text.convert_BCD_to_binary
                0x0000000000009287       0x23 ./Common/Common.o
                0x0000000000009287                convert_BCD_to_binary
 .text.convert_binary_to_BCD
                0x00000000000092aa       0x5b ./Common/Common.o
                0x00000000000092aa                convert_binary_to_BCD
                0x0000000000009305                etext = .
                0x0000000000009306                . = ALIGN (0x2)
 *fill*         0x0000000000009305        0x1 
                0x0000000000000000                PROVIDE (__rl78_abs__, 0x0)

.init
 *(.init)

.fini
 *(.fini)

.got
 *(.got)
 *(.got.plt)
                0x0000000000003000                PROVIDE (__mirror, 0x3000)
                0x000000000000df00                PROVIDE (__mirror_end, (__mirror + 0xaf00))
                0x0000000000009306                PROVIDE (__rodata, ADDR (.rodata))

.rodata         0x0000000000009306      0x27b
                0x0000000000009306                . = ALIGN (0x2)
 *(.rodata)
 .rodata        0x0000000000009306        0x3 ./src/r_main.o
 .rodata        0x0000000000009309       0x1a ./HMI/4Digit_7Segment.o
 .rodata        0x0000000000009323        0x6 ./DGC_A230_Functions/DGC_A230_Motor_Functions.o
 .rodata        0x0000000000009329        0xf ./DGC_A230_Functions/DGC_A230_Parameters_Functions.o
 .rodata        0x0000000000009338       0x27 ./DGC_A230_Functions/DGC_A230_Program_Mode.o
 .rodata        0x000000000000935f       0x12 ./DGC_A230_Functions/DGC_A230_Test_Mode.o
 .rodata        0x0000000000009371       0x10 ./Common/Common.o
 *(.rodata.*)
 .rodata.CFG_Parameters_Name
                0x0000000000009381      0x100 ./DGC_A230_Functions/DGC_A230_Parameters_Functions.o
                0x0000000000009381                CFG_Parameters_Name
 .rodata.CFG_Parameters_Min_Value
                0x0000000000009481       0x80 ./DGC_A230_Functions/DGC_A230_Parameters_Functions.o
                0x0000000000009481                CFG_Parameters_Min_Value
 .rodata.CFG_Parameters_Max_Value
                0x0000000000009501       0x80 ./DGC_A230_Functions/DGC_A230_Parameters_Functions.o
                0x0000000000009501                CFG_Parameters_Max_Value
                0x0000000000009581                _erodata = .
                0x0000000000000001                ASSERT (! ((SIZEOF (.rodata) > (__mirror_end - __mirror))), Error: Too much const data-the size exceeds the mirror area. Please change some of them from 'const' to 'const __far' and uncheck 'Data sections (-fdata-sections)' of optimaize option.)
                0x0000000000000001                ASSERT (! ((((((SIZEOF (.rodata) <= (__mirror_end - __mirror)) && (SIZEOF (.rodata) > 0x0)) && (ABSOLUTE (__rodata) >= __mirror_end)) && (ABSOLUTE (.) > __mirror_end)) && (ADDR (.text) < __rodata))), Error: No room left for const data- the start address exceeds the mirror area. Please move the .text section from lower address to higher address.)
                0x0000000000000001                ASSERT (! ((((((SIZEOF (.rodata) <= (__mirror_end - __mirror)) && (SIZEOF (.rodata) > 0x0)) && (ABSOLUTE (__rodata) >= __mirror_end)) && (ABSOLUTE (.) > __mirror_end)) && (__rodata < ADDR (.text)))), Error: No room left for const data- the start address exceeds the mirror area. Please check the map file.)
                0x0000000000000001                ASSERT (! ((((((SIZEOF (.rodata) <= (__mirror_end - __mirror)) && (SIZEOF (.rodata) > 0x0)) && (ABSOLUTE (__rodata) < __mirror_end)) && (ABSOLUTE (.) > __mirror_end)) && (ADDR (.text) < __rodata))), Error : No room left for const data-the end address exceeds the mirror area. Please move the .text section from lower address to higher address.)
                0x0000000000000001                ASSERT (! ((((((SIZEOF (.rodata) <= (__mirror_end - __mirror)) && (SIZEOF (.rodata) > 0x0)) && (ABSOLUTE (__rodata) < __mirror_end)) && (ABSOLUTE (.) > __mirror_end)) && (__rodata < ADDR (.text)))), Error : No room left for const data-the end address exceeds the mirror area. Please check the map file.)

PFDL_COD        0x0000000000009581       0xac
                0x0000000000009581                PROVIDE (___start_PFDL_COD, .)
 PFDL_COD       0x0000000000009581       0xac E:/AIoT/Code/Rogger/DGC_A230_6_Rev_1_0_Software/lib/pfdl.a(pfdl.o)
                0x0000000000009581                PFDL_Open
                0x0000000000009581                PFDL_Open
                0x00000000000095a6                PFDL_Execute
                0x00000000000095a6                PFDL_Execute
                0x0000000000009613                PFDL_Handler
                0x0000000000009613                PFDL_Handler
                0x000000000000961f                PFDL_Close
                0x000000000000961f                PFDL_Close
                0x000000000000962d                PROVIDE (___stop_PFDL_COD, .)

.frodata        0x000000000000962d        0x1
                0x000000000000962e                . = ALIGN (0x2)
 *fill*         0x000000000000962d        0x1 
 *(.frodata)
 *(.frodata.*)
                0x000000000000962e                _efrodata = .

.eh_frame_hdr
 *(.eh_frame_hdr)

.eh_frame
 *(.eh_frame)

.jcr            0x000000000000962e        0x0
 *(.jcr)
                0x000000000000962e                . = ALIGN (0x2)

.data           0x00000000000fdf00        0xe load address 0x00000000000000d8
                0x00000000000fdf00                . = ALIGN (0x2)
                0x00000000000fdf00                _data = .
 *(.data)
 *(.data.*)
 .data.M1_Torque_Setting
                0x00000000000fdf00        0x2 ./src/r_cg_intc_user.o
                0x00000000000fdf00                M1_Torque_Setting
 .data.M2_Torque_Setting
                0x00000000000fdf02        0x2 ./src/r_cg_intc_user.o
                0x00000000000fdf02                M2_Torque_Setting
 .data.Parameter_Name
                0x00000000000fdf04        0x2 ./HMI/4Digit_7Segment.o
                0x00000000000fdf04                Parameter_Name
 .data.Parameter_Value
                0x00000000000fdf06        0x2 ./HMI/4Digit_7Segment.o
                0x00000000000fdf06                Parameter_Value
 .data.Mask     0x00000000000fdf08        0x1 ./HMI/4Digit_7Segment.o
                0x00000000000fdf08                Mask
 .data.Command_Status_No1
                0x00000000000fdf09        0x1 ./HMI/4Digit_7Segment.o
                0x00000000000fdf09                Command_Status_No1
 .data.CFG_Paramenters_Index
                0x00000000000fdf0a        0x1 ./DGC_A230_Functions/DGC_A230_Parameters_Functions.o
                0x00000000000fdf0a                CFG_Paramenters_Index
 *fill*         0x00000000000fdf0b        0x1 
 .data.Torque_Inc
                0x00000000000fdf0c        0x2 ./DGC_A230_Functions/DGC_A230_Program_Mode.o
                0x00000000000fdf0c                Torque_Inc
                0x00000000000fdf0e                . = ALIGN (0x2)
                0x00000000000fdf0e                _edata = .
                0x000000000000000e                PROVIDE (__romdatacopysize, SIZEOF (.data))

.bss            0x00000000000fdf0e      0x172 load address 0x00000000000000e6
                0x00000000000fdf0e                . = ALIGN (0x2)
                0x00000000000fdf0e                _bss = .
 *(.bss)
 *(.bss.**)
 .bss.M1_Period_Count
                0x00000000000fdf0e        0x1 ./src/r_cg_intc_user.o
                0x00000000000fdf0e                M1_Period_Count
 .bss.M2_Period_Count
                0x00000000000fdf0f        0x1 ./src/r_cg_intc_user.o
                0x00000000000fdf0f                M2_Period_Count
 .bss.HMI_Flash_Enable
                0x00000000000fdf10        0x1 ./src/r_cg_timer_user.o
                0x00000000000fdf10                HMI_Flash_Enable
 .bss.Display_Mode
                0x00000000000fdf11        0x1 ./src/r_main.o
                0x00000000000fdf11                Display_Mode
 .bss.Flash_Enable
                0x00000000000fdf12        0x1 ./DGC_A230_Functions/DGC_A230_Motor_Functions.o
                0x00000000000fdf12                Flash_Enable
 .bss.Pre_flash_Time
                0x00000000000fdf13        0x1 ./DGC_A230_Functions/DGC_A230_Motor_Functions.o
                0x00000000000fdf13                Pre_flash_Time
 .bss.Machine_State
                0x00000000000fdf14        0x1 ./DGC_A230_Functions/DGC_A230_Motor_Functions.o
                0x00000000000fdf14                Machine_State
 .bss.Braking_Time_Enable
                0x00000000000fdf15        0x1 ./DGC_A230_Functions/DGC_A230_Motor_Functions.o
                0x00000000000fdf15                Braking_Time_Enable
 .bss.Disable_Time_Enable
                0x00000000000fdf16        0x1 ./DGC_A230_Functions/DGC_A230_Motor_Functions.o
                0x00000000000fdf16                Disable_Time_Enable
 .bss.Stop_Timer_Enable
                0x00000000000fdf17        0x1 ./DGC_A230_Functions/DGC_A230_Motor_Functions.o
                0x00000000000fdf17                Stop_Timer_Enable
 .bss.Stop_Timer_Counter
                0x00000000000fdf18        0x1 ./DGC_A230_Functions/DGC_A230_Motor_Functions.o
                0x00000000000fdf18                Stop_Timer_Counter
 .bss.Leaf_No1_State
                0x00000000000fdf19        0x1 ./DGC_A230_Functions/DGC_A230_Normal_Mode.o
                0x00000000000fdf19                Leaf_No1_State
 .bss.Leaf_No2_State
                0x00000000000fdf1a        0x1 ./DGC_A230_Functions/DGC_A230_Normal_Mode.o
                0x00000000000fdf1a                Leaf_No2_State
 *fill*         0x00000000000fdf1b        0x1 
 .bss.M1_Last_Time_Position
                0x00000000000fdf1c        0x2 ./DGC_A230_Functions/DGC_A230_Normal_Mode.o
                0x00000000000fdf1c                M1_Last_Time_Position
 .bss.M2_Last_Time_Position
                0x00000000000fdf1e        0x2 ./DGC_A230_Functions/DGC_A230_Normal_Mode.o
                0x00000000000fdf1e                M2_Last_Time_Position
 .bss.M1_Time_Position
                0x00000000000fdf20        0x2 ./DGC_A230_Functions/DGC_A230_Normal_Mode.o
                0x00000000000fdf20                M1_Time_Position
 .bss.M2_Time_Position
                0x00000000000fdf22        0x2 ./DGC_A230_Functions/DGC_A230_Normal_Mode.o
                0x00000000000fdf22                M2_Time_Position
 .bss.Courtesy_Light_Enable
                0x00000000000fdf24        0x1 ./DGC_A230_Functions/DGC_A230_Normal_Mode.o
                0x00000000000fdf24                Courtesy_Light_Enable
 .bss.Gate_Open_Indicator_Mode
                0x00000000000fdf25        0x1 ./DGC_A230_Functions/DGC_A230_Normal_Mode.o
                0x00000000000fdf25                Gate_Open_Indicator_Mode
 .bss.Gate_Open_Indicator_Flash_Count
                0x00000000000fdf26        0x1 ./DGC_A230_Functions/DGC_A230_Normal_Mode.o
                0x00000000000fdf26                Gate_Open_Indicator_Flash_Count
 .bss.Auto_Close_Gate_Command
                0x00000000000fdf27        0x1 ./DGC_A230_Functions/DGC_A230_Normal_Mode.o
                0x00000000000fdf27                Auto_Close_Gate_Command
 .bss.Auto_Close_Gate_Timer_Enable
                0x00000000000fdf28        0x1 ./DGC_A230_Functions/DGC_A230_Normal_Mode.o
                0x00000000000fdf28                Auto_Close_Gate_Timer_Enable
 *fill*         0x00000000000fdf29        0x1 
 .bss.Auto_Close_Gate_Timer_Counter
                0x00000000000fdf2a        0x2 ./DGC_A230_Functions/DGC_A230_Normal_Mode.o
                0x00000000000fdf2a                Auto_Close_Gate_Timer_Counter
 .bss.Auto_Close_Gate_Retry_Number
                0x00000000000fdf2c        0x1 ./DGC_A230_Functions/DGC_A230_Normal_Mode.o
                0x00000000000fdf2c                Auto_Close_Gate_Retry_Number
 .bss.Last_Sensing_Edge_COS1_status
                0x00000000000fdf2d        0x1 ./DGC_A230_Functions/DGC_A230_Normal_Mode.o
                0x00000000000fdf2d                Last_Sensing_Edge_COS1_status
 .bss.Last_Sensing_Edge_COS2_status
                0x00000000000fdf2e        0x1 ./DGC_A230_Functions/DGC_A230_Normal_Mode.o
                0x00000000000fdf2e                Last_Sensing_Edge_COS2_status
 .bss.M1_Timestamp
                0x00000000000fdf2f        0x1 ./DGC_A230_Functions/DGC_A230_Program_Mode.o
                0x00000000000fdf2f                M1_Timestamp
 .bss.M2_Timestamp
                0x00000000000fdf30        0x1 ./DGC_A230_Functions/DGC_A230_Program_Mode.o
                0x00000000000fdf30                M2_Timestamp
                0x00000000000fdf32                . = ALIGN (0x2)
 *fill*         0x00000000000fdf31        0x1 
 *(COMMON)
 COMMON         0x00000000000fdf32        0xd ./src/r_cg_pfdl.o
                0x00000000000fdf32                gFdlDesc
                0x00000000000fdf34                gFdlStatus
                0x00000000000fdf36                gFdlReq
                0x00000000000fdf3e                gFdlResult
 *fill*         0x00000000000fdf3f        0x1 
 COMMON         0x00000000000fdf40        0xa ./src/r_cg_serial.o
                0x00000000000fdf40                g_uart1_rx_length
                0x00000000000fdf42                g_uart1_rx_count
                0x00000000000fdf44                gp_uart1_rx_address
                0x00000000000fdf46                gp_uart1_tx_address
                0x00000000000fdf48                g_uart1_tx_count
 COMMON         0x00000000000fdf4a       0x10 ./src/r_cg_timer_user.o
                0x00000000000fdf4a                M2_Position_Count
                0x00000000000fdf4c                Tick_Count
                0x00000000000fdf4e                M1_Tick_Count
                0x00000000000fdf50                M2_Tick_Count
                0x00000000000fdf52                Disable_Tick_Count
                0x00000000000fdf54                Brake_Tick_Count
                0x00000000000fdf56                Flash_Frequency_Count
                0x00000000000fdf57                HMI_Flash_Count
                0x00000000000fdf58                M1_Position_Count
 COMMON         0x00000000000fdf5a        0x1 ./src/r_main.o
                0x00000000000fdf5a                Power_failure
 COMMON         0x00000000000fdf5b        0x4 ./HMI/4Digit_7Segment.o
                0x00000000000fdf5b                Command_Status_No2
                0x00000000000fdf5c                Digit_Count
                0x00000000000fdf5d                Safety_Status_No1
                0x00000000000fdf5e                Safety_Status_No2
 *fill*         0x00000000000fdf5f        0x1 
 COMMON         0x00000000000fdf60       0x16 ./DGC_A230_Functions/DGC_A230_Motor_Functions.o
                0x00000000000fdf60                M1_Time_T1
                0x00000000000fdf62                M2_Time_T4
                0x00000000000fdf64                Flash_Frequency_Config
                0x00000000000fdf66                M2_Time_T3
                0x00000000000fdf68                M1_Time_T2
                0x00000000000fdf6a                M1_Time_T4
                0x00000000000fdf6c                Pre_Flash_Type
                0x00000000000fdf6e                M2_Time_T1
                0x00000000000fdf70                M1_Time_T3
                0x00000000000fdf72                Flash_Timer_Counter
                0x00000000000fdf74                M2_Time_T2
 COMMON         0x00000000000fdf76        0x9 ./DGC_A230_Functions/DGC_A230_Normal_Mode.o
                0x00000000000fdf76                Auto_Close_Retry_Number
                0x00000000000fdf77                Last_Open_Command_State
                0x00000000000fdf78                Last_Close_Command_State
                0x00000000000fdf7a                Courtesy_Light_Time
                0x00000000000fdf7c                Courtesy_Light_Count
                0x00000000000fdf7e                Last_Clock_Command_State
 *fill*         0x00000000000fdf7f        0x1 
 COMMON         0x00000000000fdf80       0xf4 ./DGC_A230_Functions/DGC_A230_Parameters_Functions.o
                0x00000000000fdf80                CFG_Parameters_Value
                0x00000000000fe000                CFG_parameter
                0x00000000000fe072                Key_Tick_Count
                0x00000000000fe074                . = ALIGN (0x2)
                0x00000000000fe074                _ebss = .
                0x00000000000fe080                . = ALIGN (0x80)
 *fill*         0x00000000000fe074        0xc 
                0x00000000000fe080                _end = .
                0x0000000000000064                PROVIDE (stack_size, 0x64)

.stack          0x00000000000ffedc        0x0
                0x00000000000ffedc                _stack = .
                0x0000000000000001                ASSERT ((_stack > (_end + stack_size)), Error: Too much data - no room left for the stack)
OUTPUT(DGC_A230_6_Rev_1_0_Software.elf elf32-rl78)

.debug_frame    0x0000000000000000      0xf3c
 .debug_frame   0x0000000000000000       0x24 ./src/r_cg_cgc.o
 .debug_frame   0x0000000000000024       0x2c ./src/r_cg_cgc_user.o
 .debug_frame   0x0000000000000050       0x64 ./src/r_cg_intc.o
 .debug_frame   0x00000000000000b4       0xb8 ./src/r_cg_intc_user.o
 .debug_frame   0x000000000000016c       0xc4 ./src/r_cg_pfdl.o
 .debug_frame   0x0000000000000230       0x24 ./src/r_cg_port.o
 .debug_frame   0x0000000000000254       0x84 ./src/r_cg_serial.o
 .debug_frame   0x00000000000002d8      0x120 ./src/r_cg_serial_user.o
 .debug_frame   0x00000000000003f8      0x104 ./src/r_cg_timer.o
 .debug_frame   0x00000000000004fc      0x27c ./src/r_cg_timer_user.o
 .debug_frame   0x0000000000000778       0x54 ./src/r_cg_vector_table.o
 .debug_frame   0x00000000000007cc       0x58 ./src/r_hardware_setup.o
 .debug_frame   0x0000000000000824       0x3c ./src/r_main.o
 .debug_frame   0x0000000000000860       0x84 ./HMI/4Digit_7Segment.o
 .debug_frame   0x00000000000008e4      0x20c ./DGC_A230_Functions/DGC_A230_Motor_Functions.o
 .debug_frame   0x0000000000000af0      0x25c ./DGC_A230_Functions/DGC_A230_Normal_Mode.o
 .debug_frame   0x0000000000000d4c       0xbc ./DGC_A230_Functions/DGC_A230_Parameters_Functions.o
 .debug_frame   0x0000000000000e08       0x64 ./DGC_A230_Functions/DGC_A230_Program_Mode.o
 .debug_frame   0x0000000000000e6c       0x44 ./DGC_A230_Functions/DGC_A230_Test_Mode.o
 .debug_frame   0x0000000000000eb0       0x8c ./Common/Common.o

.debug_info     0x0000000000000000     0x6be8
 .debug_info    0x0000000000000000      0x133 ./src/r_cg_cgc.o
 .debug_info    0x0000000000000133       0x7b ./src/r_cg_cgc_user.o
 .debug_info    0x00000000000001ae      0x330 ./src/r_cg_intc.o
 .debug_info    0x00000000000004de      0x22e ./src/r_cg_intc_user.o
 .debug_info    0x000000000000070c      0x2f8 ./src/r_cg_pfdl.o
 .debug_info    0x0000000000000a04      0x35e ./src/r_cg_port.o
 .debug_info    0x0000000000000d62      0x37f ./src/r_cg_serial.o
 .debug_info    0x00000000000010e1      0x15a ./src/r_cg_serial_user.o
 .debug_info    0x000000000000123b      0x413 ./src/r_cg_timer.o
 .debug_info    0x000000000000164e      0x765 ./src/r_cg_timer_user.o
 .debug_info    0x0000000000001db3      0x108 ./src/r_cg_vector_table.o
 .debug_info    0x0000000000001ebb      0x156 ./src/r_hardware_setup.o
 .debug_info    0x0000000000002011      0x5b0 ./src/r_main.o
 .debug_info    0x00000000000025c1       0x94 ./src/r_reset_program.o
 .debug_info    0x0000000000002655      0x303 ./HMI/4Digit_7Segment.o
 .debug_info    0x0000000000002958      0xd69 ./DGC_A230_Functions/DGC_A230_Motor_Functions.o
 .debug_info    0x00000000000036c1     0x2012 ./DGC_A230_Functions/DGC_A230_Normal_Mode.o
 .debug_info    0x00000000000056d3      0x848 ./DGC_A230_Functions/DGC_A230_Parameters_Functions.o
 .debug_info    0x0000000000005f1b      0x852 ./DGC_A230_Functions/DGC_A230_Program_Mode.o
 .debug_info    0x000000000000676d      0x2b6 ./DGC_A230_Functions/DGC_A230_Test_Mode.o
 .debug_info    0x0000000000006a23      0x1c5 ./Common/Common.o

.debug_abbrev   0x0000000000000000     0x146e
 .debug_abbrev  0x0000000000000000       0x82 ./src/r_cg_cgc.o
 .debug_abbrev  0x0000000000000082       0x53 ./src/r_cg_cgc_user.o
 .debug_abbrev  0x00000000000000d5       0xb8 ./src/r_cg_intc.o
 .debug_abbrev  0x000000000000018d       0xf3 ./src/r_cg_intc_user.o
 .debug_abbrev  0x0000000000000280       0xd3 ./src/r_cg_pfdl.o
 .debug_abbrev  0x0000000000000353       0x8f ./src/r_cg_port.o
 .debug_abbrev  0x00000000000003e2      0x132 ./src/r_cg_serial.o
 .debug_abbrev  0x0000000000000514       0xcb ./src/r_cg_serial_user.o
 .debug_abbrev  0x00000000000005df       0xd0 ./src/r_cg_timer.o
 .debug_abbrev  0x00000000000006af      0x17e ./src/r_cg_timer_user.o
 .debug_abbrev  0x000000000000082d       0x7c ./src/r_cg_vector_table.o
 .debug_abbrev  0x00000000000008a9       0xcc ./src/r_hardware_setup.o
 .debug_abbrev  0x0000000000000975      0x122 ./src/r_main.o
 .debug_abbrev  0x0000000000000a97       0x14 ./src/r_reset_program.o
 .debug_abbrev  0x0000000000000aab       0xf7 ./HMI/4Digit_7Segment.o
 .debug_abbrev  0x0000000000000ba2      0x1cf ./DGC_A230_Functions/DGC_A230_Motor_Functions.o
 .debug_abbrev  0x0000000000000d71      0x1e2 ./DGC_A230_Functions/DGC_A230_Normal_Mode.o
 .debug_abbrev  0x0000000000000f53      0x1c7 ./DGC_A230_Functions/DGC_A230_Parameters_Functions.o
 .debug_abbrev  0x000000000000111a      0x194 ./DGC_A230_Functions/DGC_A230_Program_Mode.o
 .debug_abbrev  0x00000000000012ae       0xf1 ./DGC_A230_Functions/DGC_A230_Test_Mode.o
 .debug_abbrev  0x000000000000139f       0xcf ./Common/Common.o

.debug_aranges  0x0000000000000000      0x620
 .debug_aranges
                0x0000000000000000       0x20 ./src/r_cg_cgc.o
 .debug_aranges
                0x0000000000000020       0x20 ./src/r_cg_cgc_user.o
 .debug_aranges
                0x0000000000000040       0x40 ./src/r_cg_intc.o
 .debug_aranges
                0x0000000000000080       0x28 ./src/r_cg_intc_user.o
 .debug_aranges
                0x00000000000000a8       0x58 ./src/r_cg_pfdl.o
 .debug_aranges
                0x0000000000000100       0x20 ./src/r_cg_port.o
 .debug_aranges
                0x0000000000000120       0x48 ./src/r_cg_serial.o
 .debug_aranges
                0x0000000000000168       0x48 ./src/r_cg_serial_user.o
 .debug_aranges
                0x00000000000001b0       0x90 ./src/r_cg_timer.o
 .debug_aranges
                0x0000000000000240       0x50 ./src/r_cg_timer_user.o
 .debug_aranges
                0x0000000000000290       0x20 ./src/r_cg_vector_table.o
 .debug_aranges
                0x00000000000002b0       0x28 ./src/r_hardware_setup.o
 .debug_aranges
                0x00000000000002d8       0x28 ./src/r_main.o
 .debug_aranges
                0x0000000000000300       0x20 ./src/r_reset_program.o
 .debug_aranges
                0x0000000000000320       0x40 ./HMI/4Digit_7Segment.o
 .debug_aranges
                0x0000000000000360       0xe8 ./DGC_A230_Functions/DGC_A230_Motor_Functions.o
 .debug_aranges
                0x0000000000000448       0xe8 ./DGC_A230_Functions/DGC_A230_Normal_Mode.o
 .debug_aranges
                0x0000000000000530       0x50 ./DGC_A230_Functions/DGC_A230_Parameters_Functions.o
 .debug_aranges
                0x0000000000000580       0x30 ./DGC_A230_Functions/DGC_A230_Program_Mode.o
 .debug_aranges
                0x00000000000005b0       0x28 ./DGC_A230_Functions/DGC_A230_Test_Mode.o
 .debug_aranges
                0x00000000000005d8       0x48 ./Common/Common.o

.debug_ranges   0x0000000000000000      0x5b0
 .debug_ranges  0x0000000000000000       0x10 ./src/r_cg_cgc.o
 .debug_ranges  0x0000000000000010       0x10 ./src/r_cg_cgc_user.o
 .debug_ranges  0x0000000000000020       0x30 ./src/r_cg_intc.o
 .debug_ranges  0x0000000000000050       0x18 ./src/r_cg_intc_user.o
 .debug_ranges  0x0000000000000068       0x48 ./src/r_cg_pfdl.o
 .debug_ranges  0x00000000000000b0       0x10 ./src/r_cg_port.o
 .debug_ranges  0x00000000000000c0       0x38 ./src/r_cg_serial.o
 .debug_ranges  0x00000000000000f8       0x38 ./src/r_cg_serial_user.o
 .debug_ranges  0x0000000000000130       0x80 ./src/r_cg_timer.o
 .debug_ranges  0x00000000000001b0       0x40 ./src/r_cg_timer_user.o
 .debug_ranges  0x00000000000001f0       0x10 ./src/r_cg_vector_table.o
 .debug_ranges  0x0000000000000200       0x18 ./src/r_hardware_setup.o
 .debug_ranges  0x0000000000000218       0x18 ./src/r_main.o
 .debug_ranges  0x0000000000000230       0x30 ./HMI/4Digit_7Segment.o
 .debug_ranges  0x0000000000000260       0xd8 ./DGC_A230_Functions/DGC_A230_Motor_Functions.o
 .debug_ranges  0x0000000000000338      0x1c8 ./DGC_A230_Functions/DGC_A230_Normal_Mode.o
 .debug_ranges  0x0000000000000500       0x40 ./DGC_A230_Functions/DGC_A230_Parameters_Functions.o
 .debug_ranges  0x0000000000000540       0x20 ./DGC_A230_Functions/DGC_A230_Program_Mode.o
 .debug_ranges  0x0000000000000560       0x18 ./DGC_A230_Functions/DGC_A230_Test_Mode.o
 .debug_ranges  0x0000000000000578       0x38 ./Common/Common.o

.debug_line     0x0000000000000000     0x6cf7
 .debug_line    0x0000000000000000       0xb9 ./src/r_cg_cgc.o
 .debug_line    0x00000000000000b9       0x69 ./src/r_cg_cgc_user.o
 .debug_line    0x0000000000000122      0x1dc ./src/r_cg_intc.o
 .debug_line    0x00000000000002fe      0x128 ./src/r_cg_intc_user.o
 .debug_line    0x0000000000000426      0x2c5 ./src/r_cg_pfdl.o
 .debug_line    0x00000000000006eb      0x114 ./src/r_cg_port.o
 .debug_line    0x00000000000007ff      0x2b3 ./src/r_cg_serial.o
 .debug_line    0x0000000000000ab2      0x13f ./src/r_cg_serial_user.o
 .debug_line    0x0000000000000bf1      0x4af ./src/r_cg_timer.o
 .debug_line    0x00000000000010a0      0x3b7 ./src/r_cg_timer_user.o
 .debug_line    0x0000000000001457       0x68 ./src/r_cg_vector_table.o
 .debug_line    0x00000000000014bf      0x144 ./src/r_hardware_setup.o
 .debug_line    0x0000000000001603      0x1c5 ./src/r_main.o
 .debug_line    0x00000000000017c8      0x165 ./src/r_reset_program.o
 .debug_line    0x000000000000192d      0x382 ./HMI/4Digit_7Segment.o
 .debug_line    0x0000000000001caf     0x1386 ./DGC_A230_Functions/DGC_A230_Motor_Functions.o
 .debug_line    0x0000000000003035     0x22b7 ./DGC_A230_Functions/DGC_A230_Normal_Mode.o
 .debug_line    0x00000000000052ec      0xd09 ./DGC_A230_Functions/DGC_A230_Parameters_Functions.o
 .debug_line    0x0000000000005ff5      0x664 ./DGC_A230_Functions/DGC_A230_Program_Mode.o
 .debug_line    0x0000000000006659      0x465 ./DGC_A230_Functions/DGC_A230_Test_Mode.o
 .debug_line    0x0000000000006abe      0x239 ./Common/Common.o

.debug_str      0x0000000000000000     0x2077
 .debug_str     0x0000000000000000      0x15f ./src/r_cg_cgc.o
                                        0x186 (size before relaxing)
 .debug_str     0x000000000000015f       0x40 ./src/r_cg_cgc_user.o
                                        0x191 (size before relaxing)
 .debug_str     0x000000000000019f       0xcc ./src/r_cg_intc.o
                                        0x26a (size before relaxing)
 .debug_str     0x000000000000026b       0xe6 ./src/r_cg_intc_user.o
                                        0x247 (size before relaxing)
 .debug_str     0x0000000000000351      0x23e ./src/r_cg_pfdl.o
                                        0x3a4 (size before relaxing)
 .debug_str     0x000000000000058f       0x93 ./src/r_cg_port.o
                                        0x20f (size before relaxing)
 .debug_str     0x0000000000000622      0x127 ./src/r_cg_serial.o
                                        0x2cb (size before relaxing)
 .debug_str     0x0000000000000749       0xc9 ./src/r_cg_serial_user.o
                                        0x287 (size before relaxing)
 .debug_str     0x0000000000000812      0x155 ./src/r_cg_timer.o
                                        0x377 (size before relaxing)
 .debug_str     0x0000000000000967      0x988 ./src/r_cg_timer_user.o
                                        0xb6b (size before relaxing)
 .debug_str     0x00000000000012ef       0x4c ./src/r_cg_vector_table.o
                                        0x1b6 (size before relaxing)
 .debug_str     0x000000000000133b       0x50 ./src/r_hardware_setup.o
                                        0x1bd (size before relaxing)
 .debug_str     0x000000000000138b      0x153 ./src/r_main.o
                                        0x918 (size before relaxing)
 .debug_str     0x00000000000014de      0x10c ./HMI/4Digit_7Segment.o
                                        0x2f9 (size before relaxing)
 .debug_str     0x00000000000015ea      0x3c6 ./DGC_A230_Functions/DGC_A230_Motor_Functions.o
                                        0xe13 (size before relaxing)
 .debug_str     0x00000000000019b0      0x325 ./DGC_A230_Functions/DGC_A230_Normal_Mode.o
                                        0xe99 (size before relaxing)
 .debug_str     0x0000000000001cd5      0x1ac ./DGC_A230_Functions/DGC_A230_Parameters_Functions.o
                                        0xb45 (size before relaxing)
 .debug_str     0x0000000000001e81      0x126 ./DGC_A230_Functions/DGC_A230_Program_Mode.o
                                        0xbb5 (size before relaxing)
 .debug_str     0x0000000000001fa7       0x48 ./DGC_A230_Functions/DGC_A230_Test_Mode.o
                                        0x2db (size before relaxing)
 .debug_str     0x0000000000001fef       0x88 ./Common/Common.o
                                        0x25f (size before relaxing)

.comment        0x0000000000000000       0xa0
 .comment       0x0000000000000000       0xa0 ./src/r_cg_cgc.o
                                         0xa1 (size before relaxing)
 .comment       0x0000000000000000       0xa1 ./src/r_cg_cgc_user.o
 .comment       0x0000000000000000       0xa1 ./src/r_cg_intc.o
 .comment       0x0000000000000000       0xa1 ./src/r_cg_intc_user.o
 .comment       0x0000000000000000       0xa1 ./src/r_cg_pfdl.o
 .comment       0x0000000000000000       0xa1 ./src/r_cg_port.o
 .comment       0x0000000000000000       0xa1 ./src/r_cg_serial.o
 .comment       0x0000000000000000       0xa1 ./src/r_cg_serial_user.o
 .comment       0x0000000000000000       0xa1 ./src/r_cg_timer.o
 .comment       0x0000000000000000       0xa1 ./src/r_cg_timer_user.o
 .comment       0x0000000000000000       0xa1 ./src/r_cg_vector_table.o
 .comment       0x0000000000000000       0xa1 ./src/r_hardware_setup.o
 .comment       0x0000000000000000       0xa1 ./src/r_main.o
 .comment       0x0000000000000000       0xa1 ./HMI/4Digit_7Segment.o
 .comment       0x0000000000000000       0xa1 ./DGC_A230_Functions/DGC_A230_Motor_Functions.o
 .comment       0x0000000000000000       0xa1 ./DGC_A230_Functions/DGC_A230_Normal_Mode.o
 .comment       0x0000000000000000       0xa1 ./DGC_A230_Functions/DGC_A230_Parameters_Functions.o
 .comment       0x0000000000000000       0xa1 ./DGC_A230_Functions/DGC_A230_Program_Mode.o
 .comment       0x0000000000000000       0xa1 ./DGC_A230_Functions/DGC_A230_Test_Mode.o
 .comment       0x0000000000000000       0xa1 ./Common/Common.o
